╭─────────┬──────────────╮
│ Author  ┆ # of Commits │
╞═════════╪══════════════╡
│ Author1 ┆       3      │
╰─────────┴──────────────╯
╭─────────────┬──────────────╮
│ Issue Type  ┆ # of Commits │
╞═════════════╪══════════════╡
│ 🐛 Bugs     ┆       1      │
├╌╌╌╌╌╌╌╌╌╌╌╌╌┼╌╌╌╌╌╌╌╌╌╌╌╌╌╌┤
│ 🚀 Features ┆       1      │
├╌╌╌╌╌╌╌╌╌╌╌╌╌┼╌╌╌╌╌╌╌╌╌╌╌╌╌╌┤
│ 📝 Docs     ┆       1      │
╰─────────────┴──────────────╯
