╭─────────┬──────────────┬──────┬──────┬───────╮
│ Author  ┆ # of Commits ┆ Adds ┆ Dels ┆ Files │
╞═════════╪══════════════╪══════╪══════╪═══════╡
│ Author1 ┆       3      ┆   3  ┆   2  ┆   1   │
╰─────────┴──────────────┴──────┴──────┴───────╯
╭───────────────┬──────────────╮
│ Issue Type    ┆ # of Commits │
╞═══════════════╪══════════════╡
│ 🐛 Bugs       ┆       1      │
├╌╌╌╌╌╌╌╌╌╌╌╌╌╌╌┼╌╌╌╌╌╌╌╌╌╌╌╌╌╌┤
│ 🚀 Features   ┆       1      │
├╌╌╌╌╌╌╌╌╌╌╌╌╌╌╌┼╌╌╌╌╌╌╌╌╌╌╌╌╌╌┤
│ ♻️ Refactrors ┆       0      │
├╌╌╌╌╌╌╌╌╌╌╌╌╌╌╌┼╌╌╌╌╌╌╌╌╌╌╌╌╌╌┤
│ 📝 Docs       ┆       1      │
├╌╌╌╌╌╌╌╌╌╌╌╌╌╌╌┼╌╌╌╌╌╌╌╌╌╌╌╌╌╌┤
│ 🧬 Merges     ┆       0      │
├╌╌╌╌╌╌╌╌╌╌╌╌╌╌╌┼╌╌╌╌╌╌╌╌╌╌╌╌╌╌┤
│ 🔍 Tests      ┆       0      │
╰───────────────┴──────────────╯

Changed files today:
- dummy.txt

Commit messages today:
- doc: documented something
- bug: fixed something
- feat: init repo
