╭─────────┬──────────────╮
│ Author  ┆ # of Commits │
╞═════════╪══════════════╡
│ Author1 ┆       6      │
╰─────────┴──────────────╯
╭─────────────┬──────────────╮
│ Issue Type  ┆ # of Commits │
╞═════════════╪══════════════╡
│ 🐛 Bugs     ┆       2      │
├╌╌╌╌╌╌╌╌╌╌╌╌╌┼╌╌╌╌╌╌╌╌╌╌╌╌╌╌┤
│ 🚀 Features ┆       1      │
├╌╌╌╌╌╌╌╌╌╌╌╌╌┼╌╌╌╌╌╌╌╌╌╌╌╌╌╌┤
│ 📝 Docs     ┆       2      │
├╌╌╌╌╌╌╌╌╌╌╌╌╌┼╌╌╌╌╌╌╌╌╌╌╌╌╌╌┤
│ 🧬 Merges   ┆       1      │
╰─────────────┴──────────────╯
