╭─────────┬──────────────╮
│ Author  ┆ # of Commits │
╞═════════╪══════════════╡
│ Author4 ┆       4      │
├╌╌╌╌╌╌╌╌╌┼╌╌╌╌╌╌╌╌╌╌╌╌╌╌┤
│ Author3 ┆       1      │
├╌╌╌╌╌╌╌╌╌┼╌╌╌╌╌╌╌╌╌╌╌╌╌╌┤
│ Author2 ┆       1      │
├╌╌╌╌╌╌╌╌╌┼╌╌╌╌╌╌╌╌╌╌╌╌╌╌┤
│ Author1 ┆       1      │
╰─────────┴──────────────╯
╭─────────────┬──────────────╮
│ Issue Type  ┆ # of Commits │
╞═════════════╪══════════════╡
│ 🐛 Bugs     ┆       1      │
├╌╌╌╌╌╌╌╌╌╌╌╌╌┼╌╌╌╌╌╌╌╌╌╌╌╌╌╌┤
│ 🚀 Features ┆       5      │
├╌╌╌╌╌╌╌╌╌╌╌╌╌┼╌╌╌╌╌╌╌╌╌╌╌╌╌╌┤
│ 📝 Docs     ┆       1      │
╰─────────────┴──────────────╯
