╭─────────┬──────────────┬──────┬──────┬───────╮
│ Author  ┆ # of Commits ┆ Adds ┆ Dels ┆ Files │
╞═════════╪══════════════╪══════╪══════╪═══════╡
│ Author4 ┆       4      ┆   4  ┆   4  ┆   1   │
├╌╌╌╌╌╌╌╌╌┼╌╌╌╌╌╌╌╌╌╌╌╌╌╌┼╌╌╌╌╌╌┼╌╌╌╌╌╌┼╌╌╌╌╌╌╌┤
│ Author1 ┆       1      ┆   1  ┆   0  ┆   1   │
├╌╌╌╌╌╌╌╌╌┼╌╌╌╌╌╌╌╌╌╌╌╌╌╌┼╌╌╌╌╌╌┼╌╌╌╌╌╌┼╌╌╌╌╌╌╌┤
│ Author2 ┆       1      ┆   1  ┆   1  ┆   1   │
├╌╌╌╌╌╌╌╌╌┼╌╌╌╌╌╌╌╌╌╌╌╌╌╌┼╌╌╌╌╌╌┼╌╌╌╌╌╌┼╌╌╌╌╌╌╌┤
│ Author3 ┆       1      ┆   1  ┆   1  ┆   1   │
╰─────────┴──────────────┴──────┴──────┴───────╯
╭───────────────┬──────────────╮
│ Issue Type    ┆ # of Commits │
╞═══════════════╪══════════════╡
│ 🐛 Bugs       ┆       1      │
├╌╌╌╌╌╌╌╌╌╌╌╌╌╌╌┼╌╌╌╌╌╌╌╌╌╌╌╌╌╌┤
│ 🚀 Features   ┆       5      │
├╌╌╌╌╌╌╌╌╌╌╌╌╌╌╌┼╌╌╌╌╌╌╌╌╌╌╌╌╌╌┤
│ ♻️ Refactrors ┆       0      │
├╌╌╌╌╌╌╌╌╌╌╌╌╌╌╌┼╌╌╌╌╌╌╌╌╌╌╌╌╌╌┤
│ 📝 Docs       ┆       1      │
├╌╌╌╌╌╌╌╌╌╌╌╌╌╌╌┼╌╌╌╌╌╌╌╌╌╌╌╌╌╌┤
│ 🧬 Merges     ┆       0      │
├╌╌╌╌╌╌╌╌╌╌╌╌╌╌╌┼╌╌╌╌╌╌╌╌╌╌╌╌╌╌┤
│ 🔍 Tests      ┆       0      │
╰───────────────┴──────────────╯

Changed files today:
- dummy.txt

Commit messages today:
- feat: new author
- feat: new author
- feat: new author
- feat: new author
- doc: documented something
- bug: fixed something
- feat: init repo
