╭─────────┬──────────────╮
│ Author  ┆ # of Commits │
╞═════════╪══════════════╡
│ Author1 ┆       1      │
╰─────────┴──────────────╯
╭─────────────┬──────────────╮
│ Issue Type  ┆ # of Commits │
╞═════════════╪══════════════╡
│ 🚀 Features ┆       1      │
╰─────────────┴──────────────╯
