╭─────────┬──────────────┬──────┬──────┬───────╮
│ Author  ┆ # of Commits ┆ Adds ┆ Dels ┆ Files │
╞═════════╪══════════════╪══════╪══════╪═══════╡
│ Author1 ┆       1      ┆   1  ┆   1  ┆   1   │
╰─────────┴──────────────┴──────┴──────┴───────╯
╭───────────────┬──────────────╮
│ Issue Type    ┆ # of Commits │
╞═══════════════╪══════════════╡
│ 🐛 Bugs       ┆       0      │
├╌╌╌╌╌╌╌╌╌╌╌╌╌╌╌┼╌╌╌╌╌╌╌╌╌╌╌╌╌╌┤
│ 🚀 Features   ┆       1      │
├╌╌╌╌╌╌╌╌╌╌╌╌╌╌╌┼╌╌╌╌╌╌╌╌╌╌╌╌╌╌┤
│ ♻️ Refactrors ┆       0      │
├╌╌╌╌╌╌╌╌╌╌╌╌╌╌╌┼╌╌╌╌╌╌╌╌╌╌╌╌╌╌┤
│ 📝 Docs       ┆       0      │
├╌╌╌╌╌╌╌╌╌╌╌╌╌╌╌┼╌╌╌╌╌╌╌╌╌╌╌╌╌╌┤
│ 🧬 Merges     ┆       0      │
├╌╌╌╌╌╌╌╌╌╌╌╌╌╌╌┼╌╌╌╌╌╌╌╌╌╌╌╌╌╌┤
│ 🔍 Tests      ┆       0      │
╰───────────────┴──────────────╯

Changed files today:
- dummy.txt

Commit messages today:
- feat: something from today
