╭─────────┬──────────────╮
│ Author  ┆ # of Commits │
╞═════════╪══════════════╡
│ Author1 ┆      10      │
╰─────────┴──────────────╯
╭─────────────┬──────────────╮
│ Issue Type  ┆ # of Commits │
╞═════════════╪══════════════╡
│ 🐛 Bugs     ┆       1      │
├╌╌╌╌╌╌╌╌╌╌╌╌╌┼╌╌╌╌╌╌╌╌╌╌╌╌╌╌┤
│ 🚀 Features ┆       7      │
├╌╌╌╌╌╌╌╌╌╌╌╌╌┼╌╌╌╌╌╌╌╌╌╌╌╌╌╌┤
│ 📝 Docs     ┆       2      │
╰─────────────┴──────────────╯
