╭─────────┬──────────────┬──────┬──────┬───────╮
│ Author  ┆ # of Commits ┆ Adds ┆ Dels ┆ Files │
╞═════════╪══════════════╪══════╪══════╪═══════╡
│ Author1 ┆      10      ┆  10  ┆   9  ┆   1   │
╰─────────┴──────────────┴──────┴──────┴───────╯
╭───────────────┬──────────────╮
│ Issue Type    ┆ # of Commits │
╞═══════════════╪══════════════╡
│ 🐛 Bugs       ┆       1      │
├╌╌╌╌╌╌╌╌╌╌╌╌╌╌╌┼╌╌╌╌╌╌╌╌╌╌╌╌╌╌┤
│ 🚀 Features   ┆       7      │
├╌╌╌╌╌╌╌╌╌╌╌╌╌╌╌┼╌╌╌╌╌╌╌╌╌╌╌╌╌╌┤
│ ♻️ Refactrors ┆       0      │
├╌╌╌╌╌╌╌╌╌╌╌╌╌╌╌┼╌╌╌╌╌╌╌╌╌╌╌╌╌╌┤
│ 📝 Docs       ┆       2      │
├╌╌╌╌╌╌╌╌╌╌╌╌╌╌╌┼╌╌╌╌╌╌╌╌╌╌╌╌╌╌┤
│ 🧬 Merges     ┆       0      │
├╌╌╌╌╌╌╌╌╌╌╌╌╌╌╌┼╌╌╌╌╌╌╌╌╌╌╌╌╌╌┤
│ 🔍 Tests      ┆       0      │
╰───────────────┴──────────────╯

Changed files today:
- dummy.txt

Commit messages today:
- [issue-a] feat: something from today
- [issue-a] feat: something from today
- [issue-a] feat: something from today
- [issue-a] feat: something from today
- [issue-1] feat: something from today
- #issue-1: feat: something from today
- #issue-1 feat: something from today
- [issue-1] fix: a bug from today
- [issue-1] docs: another doc
- [issue-123] docs: docs

╭──────────────┬──────────────╮
│ Issue Ticket ┆ # of Commits │
╞══════════════╪══════════════╡
│ issue-1      ┆       5      │
├╌╌╌╌╌╌╌╌╌╌╌╌╌╌┼╌╌╌╌╌╌╌╌╌╌╌╌╌╌┤
│ issue-a      ┆       4      │
├╌╌╌╌╌╌╌╌╌╌╌╌╌╌┼╌╌╌╌╌╌╌╌╌╌╌╌╌╌┤
│ issue-123    ┆       1      │
╰──────────────┴──────────────╯
